mode: set
github.com/kaatinga/bublyk/models.go:22.17,25.2 2 1
github.com/kaatinga/bublyk/models.go:27.26,30.2 2 1
github.com/kaatinga/bublyk/models.go:35.36,37.2 1 1
github.com/kaatinga/bublyk/models.go:39.35,41.2 1 1
github.com/kaatinga/bublyk/models.go:43.33,45.2 1 1
github.com/kaatinga/bublyk/models.go:47.35,49.2 1 1
github.com/kaatinga/bublyk/models.go:51.38,53.2 1 1
github.com/kaatinga/bublyk/models.go:56.49,57.36 1 1
github.com/kaatinga/bublyk/models.go:57.36,59.3 1 1
github.com/kaatinga/bublyk/models.go:60.2,60.38 1 1
github.com/kaatinga/bublyk/models.go:64.50,65.36 1 1
github.com/kaatinga/bublyk/models.go:65.36,67.3 1 1
github.com/kaatinga/bublyk/models.go:68.2,68.38 1 1
github.com/kaatinga/bublyk/models.go:72.38,73.23 1 1
github.com/kaatinga/bublyk/models.go:73.23,75.3 1 1
github.com/kaatinga/bublyk/models.go:76.2,76.33 1 1
github.com/kaatinga/bublyk/models.go:80.49,89.20 8 1
github.com/kaatinga/bublyk/models.go:90.9,92.23 2 1
github.com/kaatinga/bublyk/models.go:93.10,95.23 2 1
github.com/kaatinga/bublyk/models.go:97.2,99.18 2 1
github.com/kaatinga/bublyk/models.go:100.9,102.21 2 1
github.com/kaatinga/bublyk/models.go:103.10,105.21 2 1
github.com/kaatinga/bublyk/models.go:107.2,107.18 1 1
github.com/kaatinga/bublyk/models.go:110.64,115.2 4 1
github.com/kaatinga/bublyk/models.go:118.43,122.18 3 1
github.com/kaatinga/bublyk/models.go:123.9,125.21 2 1
github.com/kaatinga/bublyk/models.go:126.10,128.21 2 1
github.com/kaatinga/bublyk/models.go:130.2,132.20 2 1
github.com/kaatinga/bublyk/models.go:133.9,135.23 2 1
github.com/kaatinga/bublyk/models.go:136.10,138.23 2 1
github.com/kaatinga/bublyk/models.go:140.2,147.23 6 1
github.com/kaatinga/bublyk/models.go:150.51,151.16 1 1
github.com/kaatinga/bublyk/models.go:152.24,153.27 1 1
github.com/kaatinga/bublyk/models.go:154.10,155.84 1 1
github.com/kaatinga/bublyk/models.go:159.48,160.65 1 1
github.com/kaatinga/bublyk/models.go:160.65,162.3 1 1
github.com/kaatinga/bublyk/models.go:164.2,165.16 2 1
github.com/kaatinga/bublyk/models.go:165.16,167.3 1 0
github.com/kaatinga/bublyk/models.go:169.2,171.16 3 1
github.com/kaatinga/bublyk/models.go:171.16,173.3 1 0
github.com/kaatinga/bublyk/models.go:175.2,177.16 3 1
github.com/kaatinga/bublyk/models.go:177.16,179.3 1 0
github.com/kaatinga/bublyk/models.go:181.2,181.39 1 1
github.com/kaatinga/bublyk/models.go:184.40,186.2 1 1
github.com/kaatinga/bublyk/models.go:188.37,189.25 1 1
github.com/kaatinga/bublyk/models.go:189.25,192.3 2 1
github.com/kaatinga/bublyk/models.go:193.2,193.51 1 1
github.com/kaatinga/bublyk/models.go:196.41,197.25 1 1
github.com/kaatinga/bublyk/models.go:197.25,200.3 2 1
github.com/kaatinga/bublyk/models.go:201.2,201.51 1 1
github.com/kaatinga/bublyk/models.go:204.38,205.25 1 1
github.com/kaatinga/bublyk/models.go:205.25,208.3 2 1
github.com/kaatinga/bublyk/models.go:209.2,209.51 1 1
github.com/kaatinga/bublyk/models.go:212.42,213.24 1 1
github.com/kaatinga/bublyk/models.go:213.24,216.3 2 1
github.com/kaatinga/bublyk/models.go:217.2,217.51 1 1
github.com/kaatinga/bublyk/models.go:220.49,221.17 1 1
github.com/kaatinga/bublyk/models.go:221.17,223.3 1 1
github.com/kaatinga/bublyk/models.go:224.2,224.17 1 1
github.com/kaatinga/bublyk/models.go:224.17,226.3 1 1
github.com/kaatinga/bublyk/models.go:227.2,227.54 1 1
github.com/kaatinga/bublyk/models.go:227.54,230.3 2 1
github.com/kaatinga/bublyk/models.go:231.2,231.38 1 1
github.com/kaatinga/bublyk/models.go:234.56,237.2 2 1
github.com/kaatinga/bublyk/models.go:240.41,241.14 1 1
github.com/kaatinga/bublyk/models.go:241.14,243.3 1 1
github.com/kaatinga/bublyk/models.go:244.2,245.17 2 1
github.com/kaatinga/bublyk/models.go:245.17,247.3 1 1
github.com/kaatinga/bublyk/models.go:248.2,248.17 1 1
github.com/kaatinga/bublyk/models.go:248.17,250.3 1 1
github.com/kaatinga/bublyk/models.go:251.2,251.66 1 1
github.com/kaatinga/bublyk/models.go:254.53,256.2 1 1
